<?xml version="1.0"?>
<link_info>
   <banner>TMS320C2000 Linker PC v6.1.10</banner>
   <copyright>Copyright (c) 1996-2012 Texas Instruments Incorporated</copyright>
   <link_time>0x5425d9b9</link_time>
   <output_file>Example_F2802xAdcSoc.out</output_file>
   <entry_point>
      <name>code_start</name>
      <address>0x0</address>
   </entry_point>
   <input_file_list>
      <input_file id="fl-2">
         <path>.\</path>
         <kind>object</kind>
         <file>main.obj</file>
         <name>main.obj</name>
      </input_file>
      <input_file id="fl-9">
         <path>C:\ti\controlSUITE\device_support\f2802x\v200\f2802x_common\lib\</path>
         <kind>archive</kind>
         <file>driverlib.lib</file>
         <name>wdog.obj</name>
      </input_file>
      <input_file id="fl-a">
         <path>C:\ti\controlSUITE\device_support\f2802x\v200\f2802x_common\lib\</path>
         <kind>archive</kind>
         <file>driverlib.lib</file>
         <name>pwm.obj</name>
      </input_file>
      <input_file id="fl-b">
         <path>C:\ti\controlSUITE\device_support\f2802x\v200\f2802x_common\lib\</path>
         <kind>archive</kind>
         <file>driverlib.lib</file>
         <name>pll.obj</name>
      </input_file>
      <input_file id="fl-c">
         <path>C:\ti\controlSUITE\device_support\f2802x\v200\f2802x_common\lib\</path>
         <kind>archive</kind>
         <file>driverlib.lib</file>
         <name>pie.obj</name>
      </input_file>
      <input_file id="fl-d">
         <path>C:\ti\controlSUITE\device_support\f2802x\v200\f2802x_common\lib\</path>
         <kind>archive</kind>
         <file>driverlib.lib</file>
         <name>gpio.obj</name>
      </input_file>
      <input_file id="fl-e">
         <path>C:\ti\controlSUITE\device_support\f2802x\v200\f2802x_common\lib\</path>
         <kind>archive</kind>
         <file>driverlib.lib</file>
         <name>flash.obj</name>
      </input_file>
      <input_file id="fl-f">
         <path>C:\ti\controlSUITE\device_support\f2802x\v200\f2802x_common\lib\</path>
         <kind>archive</kind>
         <file>driverlib.lib</file>
         <name>cpu.obj</name>
      </input_file>
      <input_file id="fl-10">
         <path>C:\ti\controlSUITE\device_support\f2802x\v200\f2802x_common\lib\</path>
         <kind>archive</kind>
         <file>driverlib.lib</file>
         <name>clk.obj</name>
      </input_file>
      <input_file id="fl-11">
         <path>C:\ti\controlSUITE\device_support\f2802x\v200\f2802x_common\lib\</path>
         <kind>archive</kind>
         <file>driverlib.lib</file>
         <name>adc.obj</name>
      </input_file>
      <input_file id="fl-12">
         <path>C:\ti\controlSUITE\device_support\f2802x\v200\f2802x_common\lib\</path>
         <kind>archive</kind>
         <file>driverlib.lib</file>
         <name>F2802x_asmfuncs.obj</name>
      </input_file>
      <input_file id="fl-13">
         <path>C:\ti\controlSUITE\device_support\f2802x\v200\f2802x_common\lib\</path>
         <kind>archive</kind>
         <file>driverlib.lib</file>
         <name>F2802x_DefaultIsr.obj</name>
      </input_file>
      <input_file id="fl-14">
         <path>c:\ti\ccsv6\tools\compiler\c2000_6.1.10\lib\</path>
         <kind>archive</kind>
         <file>rts2800_ml.lib</file>
         <name>boot.obj</name>
      </input_file>
      <input_file id="fl-15">
         <path>c:\ti\ccsv6\tools\compiler\c2000_6.1.10\lib\</path>
         <kind>archive</kind>
         <file>rts2800_ml.lib</file>
         <name>exit.obj</name>
      </input_file>
      <input_file id="fl-16">
         <path>c:\ti\ccsv6\tools\compiler\c2000_6.1.10\lib\</path>
         <kind>archive</kind>
         <file>rts2800_ml.lib</file>
         <name>_lock.obj</name>
      </input_file>
      <input_file id="fl-17">
         <path>c:\ti\ccsv6\tools\compiler\c2000_6.1.10\lib\</path>
         <kind>archive</kind>
         <file>rts2800_ml.lib</file>
         <name>args_main.obj</name>
      </input_file>
   </input_file_list>
   <object_component_list>
      <object_component id="oc-32">
         <name>codestart</name>
         <load_address>0x0</load_address>
         <run_address>0x0</run_address>
         <size>0x2</size>
         <input_file_ref idref="fl-12"/>
      </object_component>
      <object_component id="oc-5f">
         <name>ramfuncs</name>
         <load_address>0x817d</load_address>
         <run_address>0x817d</run_address>
         <size>0x4</size>
         <input_file_ref idref="fl-12"/>
      </object_component>
      <object_component id="oc-7c">
         <name>.text</name>
         <load_address>0x50</load_address>
         <run_address>0x50</run_address>
         <size>0x167</size>
         <input_file_ref idref="fl-2"/>
      </object_component>
      <object_component id="oc-69">
         <name>.text</name>
         <load_address>0x1b7</load_address>
         <run_address>0x1b7</run_address>
         <size>0x44</size>
         <input_file_ref idref="fl-14"/>
      </object_component>
      <object_component id="oc-35">
         <name>.text:retain</name>
         <load_address>0x1fb</load_address>
         <run_address>0x1fb</run_address>
         <size>0x32</size>
         <input_file_ref idref="fl-2"/>
      </object_component>
      <object_component id="oc-9f">
         <name>.text:_ADC_setIntMode</name>
         <load_address>0x22d</load_address>
         <run_address>0x22d</run_address>
         <size>0x24</size>
         <input_file_ref idref="fl-11"/>
      </object_component>
      <object_component id="oc-a0">
         <name>.text:_ADC_setIntSrc</name>
         <load_address>0x251</load_address>
         <run_address>0x251</run_address>
         <size>0x24</size>
         <input_file_ref idref="fl-11"/>
      </object_component>
      <object_component id="oc-a1">
         <name>.text:_ADC_setSocChanNumber</name>
         <load_address>0x275</load_address>
         <run_address>0x275</run_address>
         <size>0x1c</size>
         <input_file_ref idref="fl-11"/>
      </object_component>
      <object_component id="oc-a3">
         <name>.text:_ADC_setSocSampleWindow</name>
         <load_address>0x291</load_address>
         <run_address>0x291</run_address>
         <size>0x1c</size>
         <input_file_ref idref="fl-11"/>
      </object_component>
      <object_component id="oc-a2">
         <name>.text:_ADC_setSocTrigSrc</name>
         <load_address>0x2ad</load_address>
         <run_address>0x2ad</run_address>
         <size>0x1c</size>
         <input_file_ref idref="fl-11"/>
      </object_component>
      <object_component id="oc-7d">
         <name>.text</name>
         <load_address>0x2c9</load_address>
         <run_address>0x2c9</run_address>
         <size>0x19</size>
         <input_file_ref idref="fl-17"/>
      </object_component>
      <object_component id="oc-7e">
         <name>.text</name>
         <load_address>0x2e2</load_address>
         <run_address>0x2e2</run_address>
         <size>0x19</size>
         <input_file_ref idref="fl-15"/>
      </object_component>
      <object_component id="oc-9e">
         <name>.text:_ADC_enableInt</name>
         <load_address>0x2fb</load_address>
         <run_address>0x2fb</run_address>
         <size>0x18</size>
         <input_file_ref idref="fl-11"/>
      </object_component>
      <object_component id="oc-8c">
         <name>.text:_PLL_setup</name>
         <load_address>0x313</load_address>
         <run_address>0x313</run_address>
         <size>0x15</size>
         <input_file_ref idref="fl-b"/>
      </object_component>
      <object_component id="oc-9d">
         <name>.text:_ADC_setIntPulseGenMode</name>
         <load_address>0x328</load_address>
         <run_address>0x328</run_address>
         <size>0x12</size>
         <input_file_ref idref="fl-11"/>
      </object_component>
      <object_component id="oc-98">
         <name>.text:_ADC_setVoltRefSrc</name>
         <load_address>0x33a</load_address>
         <run_address>0x33a</run_address>
         <size>0x12</size>
         <input_file_ref idref="fl-11"/>
      </object_component>
      <object_component id="oc-99">
         <name>.text:_PIE_enableAdcInt</name>
         <load_address>0x34c</load_address>
         <run_address>0x34c</run_address>
         <size>0x12</size>
         <input_file_ref idref="fl-c"/>
      </object_component>
      <object_component id="oc-5e">
         <name>.text</name>
         <load_address>0x35e</load_address>
         <run_address>0x35e</run_address>
         <size>0x12</size>
         <input_file_ref idref="fl-12"/>
      </object_component>
      <object_component id="oc-91">
         <name>.text:_PIE_setDebugIntVectorTable</name>
         <load_address>0x370</load_address>
         <run_address>0x370</run_address>
         <size>0x11</size>
         <input_file_ref idref="fl-c"/>
      </object_component>
      <object_component id="oc-8e">
         <name>.text:_PIE_disableAllInts</name>
         <load_address>0x381</load_address>
         <run_address>0x381</run_address>
         <size>0xf</size>
         <input_file_ref idref="fl-c"/>
      </object_component>
      <object_component id="oc-93">
         <name>.text:_PIE_registerPieIntHandler</name>
         <load_address>0x390</load_address>
         <run_address>0x390</run_address>
         <size>0xf</size>
         <input_file_ref idref="fl-c"/>
      </object_component>
      <object_component id="oc-97">
         <name>.text:_ADC_enable</name>
         <load_address>0x39f</load_address>
         <run_address>0x39f</run_address>
         <size>0xb</size>
         <input_file_ref idref="fl-11"/>
      </object_component>
      <object_component id="oc-94">
         <name>.text:_ADC_enableBandGap</name>
         <load_address>0x3aa</load_address>
         <run_address>0x3aa</run_address>
         <size>0xb</size>
         <input_file_ref idref="fl-11"/>
      </object_component>
      <object_component id="oc-95">
         <name>.text:_ADC_enableRefBuffers</name>
         <load_address>0x3b5</load_address>
         <run_address>0x3b5</run_address>
         <size>0xb</size>
         <input_file_ref idref="fl-11"/>
      </object_component>
      <object_component id="oc-96">
         <name>.text:_ADC_powerUp</name>
         <load_address>0x3c0</load_address>
         <run_address>0x3c0</run_address>
         <size>0xb</size>
         <input_file_ref idref="fl-11"/>
      </object_component>
      <object_component id="oc-a4">
         <name>.text:_CLK_enablePwmClock</name>
         <load_address>0x3cb</load_address>
         <run_address>0x3cb</run_address>
         <size>0x9</size>
         <input_file_ref idref="fl-10"/>
      </object_component>
      <object_component id="oc-a7">
         <name>.text:_PWM_setSocAPeriod</name>
         <load_address>0x3d4</load_address>
         <run_address>0x3d4</run_address>
         <size>0x9</size>
         <input_file_ref idref="fl-a"/>
      </object_component>
      <object_component id="oc-a6">
         <name>.text:_PWM_setSocAPulseSrc</name>
         <load_address>0x3dd</load_address>
         <run_address>0x3dd</run_address>
         <size>0x9</size>
         <input_file_ref idref="fl-a"/>
      </object_component>
      <object_component id="oc-7f">
         <name>.text</name>
         <load_address>0x3e6</load_address>
         <run_address>0x3e6</run_address>
         <size>0x9</size>
         <input_file_ref idref="fl-16"/>
      </object_component>
      <object_component id="oc-80">
         <name>.text:_ADC_init</name>
         <load_address>0x3ef</load_address>
         <run_address>0x3ef</run_address>
         <size>0x8</size>
         <input_file_ref idref="fl-11"/>
      </object_component>
      <object_component id="oc-85">
         <name>.text:_PIE_init</name>
         <load_address>0x3f7</load_address>
         <run_address>0x3f7</run_address>
         <size>0x8</size>
         <input_file_ref idref="fl-c"/>
      </object_component>
      <object_component id="oc-89">
         <name>.text:_WDOG_disable</name>
         <load_address>0x8000</load_address>
         <run_address>0x8000</run_address>
         <size>0x8</size>
         <input_file_ref idref="fl-9"/>
      </object_component>
      <object_component id="oc-8a">
         <name>.text:_CLK_enableAdcClock</name>
         <load_address>0x8008</load_address>
         <run_address>0x8008</run_address>
         <size>0x7</size>
         <input_file_ref idref="fl-10"/>
      </object_component>
      <object_component id="oc-81">
         <name>.text:_CLK_init</name>
         <load_address>0x800f</load_address>
         <run_address>0x800f</run_address>
         <size>0x7</size>
         <input_file_ref idref="fl-10"/>
      </object_component>
      <object_component id="oc-8b">
         <name>.text:_CLK_setOscSrc</name>
         <load_address>0x8016</load_address>
         <run_address>0x8016</run_address>
         <size>0x7</size>
         <input_file_ref idref="fl-10"/>
      </object_component>
      <object_component id="oc-83">
         <name>.text:_FLASH_init</name>
         <load_address>0x801d</load_address>
         <run_address>0x801d</run_address>
         <size>0x7</size>
         <input_file_ref idref="fl-e"/>
      </object_component>
      <object_component id="oc-84">
         <name>.text:_GPIO_init</name>
         <load_address>0x8024</load_address>
         <run_address>0x8024</run_address>
         <size>0x7</size>
         <input_file_ref idref="fl-d"/>
      </object_component>
      <object_component id="oc-86">
         <name>.text:_PLL_init</name>
         <load_address>0x802b</load_address>
         <run_address>0x802b</run_address>
         <size>0x7</size>
         <input_file_ref idref="fl-b"/>
      </object_component>
      <object_component id="oc-ab">
         <name>.text:_PLL_setDivider</name>
         <load_address>0x8032</load_address>
         <run_address>0x8032</run_address>
         <size>0x7</size>
         <input_file_ref idref="fl-b"/>
      </object_component>
      <object_component id="oc-87">
         <name>.text:_PWM_init</name>
         <load_address>0x8039</load_address>
         <run_address>0x8039</run_address>
         <size>0x7</size>
         <input_file_ref idref="fl-a"/>
      </object_component>
      <object_component id="oc-88">
         <name>.text:_WDOG_init</name>
         <load_address>0x8040</load_address>
         <run_address>0x8040</run_address>
         <size>0x7</size>
         <input_file_ref idref="fl-9"/>
      </object_component>
      <object_component id="oc-ac">
         <name>.text:_PLL_setMultiplier</name>
         <load_address>0x8047</load_address>
         <run_address>0x8047</run_address>
         <size>0x6</size>
         <input_file_ref idref="fl-b"/>
      </object_component>
      <object_component id="oc-c3">
         <name>.text:_ADCINT1_ISR</name>
         <load_address>0x804d</load_address>
         <run_address>0x804d</run_address>
         <size>0x5</size>
         <input_file_ref idref="fl-13"/>
      </object_component>
      <object_component id="oc-c4">
         <name>.text:_ADCINT2_ISR</name>
         <load_address>0x8052</load_address>
         <run_address>0x8052</run_address>
         <size>0x5</size>
         <input_file_ref idref="fl-13"/>
      </object_component>
      <object_component id="oc-d8">
         <name>.text:_ADCINT3_ISR</name>
         <load_address>0x8057</load_address>
         <run_address>0x8057</run_address>
         <size>0x5</size>
         <input_file_ref idref="fl-13"/>
      </object_component>
      <object_component id="oc-d9">
         <name>.text:_ADCINT4_ISR</name>
         <load_address>0x805c</load_address>
         <run_address>0x805c</run_address>
         <size>0x5</size>
         <input_file_ref idref="fl-13"/>
      </object_component>
      <object_component id="oc-da">
         <name>.text:_ADCINT5_ISR</name>
         <load_address>0x8061</load_address>
         <run_address>0x8061</run_address>
         <size>0x5</size>
         <input_file_ref idref="fl-13"/>
      </object_component>
      <object_component id="oc-db">
         <name>.text:_ADCINT6_ISR</name>
         <load_address>0x8066</load_address>
         <run_address>0x8066</run_address>
         <size>0x5</size>
         <input_file_ref idref="fl-13"/>
      </object_component>
      <object_component id="oc-dc">
         <name>.text:_ADCINT7_ISR</name>
         <load_address>0x806b</load_address>
         <run_address>0x806b</run_address>
         <size>0x5</size>
         <input_file_ref idref="fl-13"/>
      </object_component>
      <object_component id="oc-dd">
         <name>.text:_ADCINT8_ISR</name>
         <load_address>0x8070</load_address>
         <run_address>0x8070</run_address>
         <size>0x5</size>
         <input_file_ref idref="fl-13"/>
      </object_component>
      <object_component id="oc-c8">
         <name>.text:_ADCINT9_ISR</name>
         <load_address>0x8075</load_address>
         <run_address>0x8075</run_address>
         <size>0x5</size>
         <input_file_ref idref="fl-13"/>
      </object_component>
      <object_component id="oc-b2">
         <name>.text:_DATALOG_ISR</name>
         <load_address>0x807a</load_address>
         <run_address>0x807a</run_address>
         <size>0x5</size>
         <input_file_ref idref="fl-13"/>
      </object_component>
      <object_component id="oc-d1">
         <name>.text:_ECAP1_INT_ISR</name>
         <load_address>0x807f</load_address>
         <run_address>0x807f</run_address>
         <size>0x5</size>
         <input_file_ref idref="fl-13"/>
      </object_component>
      <object_component id="oc-b4">
         <name>.text:_EMUINT_ISR</name>
         <load_address>0x8084</load_address>
         <run_address>0x8084</run_address>
         <size>0x5</size>
         <input_file_ref idref="fl-13"/>
      </object_component>
      <object_component id="oc-ce">
         <name>.text:_EPWM1_INT_ISR</name>
         <load_address>0x8089</load_address>
         <run_address>0x8089</run_address>
         <size>0x5</size>
         <input_file_ref idref="fl-13"/>
      </object_component>
      <object_component id="oc-cb">
         <name>.text:_EPWM1_TZINT_ISR</name>
         <load_address>0x808e</load_address>
         <run_address>0x808e</run_address>
         <size>0x5</size>
         <input_file_ref idref="fl-13"/>
      </object_component>
      <object_component id="oc-cf">
         <name>.text:_EPWM2_INT_ISR</name>
         <load_address>0x8093</load_address>
         <run_address>0x8093</run_address>
         <size>0x5</size>
         <input_file_ref idref="fl-13"/>
      </object_component>
      <object_component id="oc-cc">
         <name>.text:_EPWM2_TZINT_ISR</name>
         <load_address>0x8098</load_address>
         <run_address>0x8098</run_address>
         <size>0x5</size>
         <input_file_ref idref="fl-13"/>
      </object_component>
      <object_component id="oc-d0">
         <name>.text:_EPWM3_INT_ISR</name>
         <load_address>0x809d</load_address>
         <run_address>0x809d</run_address>
         <size>0x5</size>
         <input_file_ref idref="fl-13"/>
      </object_component>
      <object_component id="oc-cd">
         <name>.text:_EPWM3_TZINT_ISR</name>
         <load_address>0x80a2</load_address>
         <run_address>0x80a2</run_address>
         <size>0x5</size>
         <input_file_ref idref="fl-13"/>
      </object_component>
      <object_component id="oc-d4">
         <name>.text:_I2CINT1A_ISR</name>
         <load_address>0x80a7</load_address>
         <run_address>0x80a7</run_address>
         <size>0x5</size>
         <input_file_ref idref="fl-13"/>
      </object_component>
      <object_component id="oc-d5">
         <name>.text:_I2CINT2A_ISR</name>
         <load_address>0x80ac</load_address>
         <run_address>0x80ac</run_address>
         <size>0x5</size>
         <input_file_ref idref="fl-13"/>
      </object_component>
      <object_component id="oc-b6">
         <name>.text:_ILLEGAL_ISR</name>
         <load_address>0x80b1</load_address>
         <run_address>0x80b1</run_address>
         <size>0x5</size>
         <input_file_ref idref="fl-13"/>
      </object_component>
      <object_component id="oc-b0">
         <name>.text:_INT13_ISR</name>
         <load_address>0x80b6</load_address>
         <run_address>0x80b6</run_address>
         <size>0x5</size>
         <input_file_ref idref="fl-13"/>
      </object_component>
      <object_component id="oc-b1">
         <name>.text:_INT14_ISR</name>
         <load_address>0x80bb</load_address>
         <run_address>0x80bb</run_address>
         <size>0x5</size>
         <input_file_ref idref="fl-13"/>
      </object_component>
      <object_component id="oc-b5">
         <name>.text:_NMI_ISR</name>
         <load_address>0x80c0</load_address>
         <run_address>0x80c0</run_address>
         <size>0x5</size>
         <input_file_ref idref="fl-13"/>
      </object_component>
      <object_component id="oc-af">
         <name>.text:_PIE_RESERVED</name>
         <load_address>0x80c5</load_address>
         <run_address>0x80c5</run_address>
         <size>0x5</size>
         <input_file_ref idref="fl-13"/>
      </object_component>
      <object_component id="oc-b3">
         <name>.text:_RTOSINT_ISR</name>
         <load_address>0x80ca</load_address>
         <run_address>0x80ca</run_address>
         <size>0x5</size>
         <input_file_ref idref="fl-13"/>
      </object_component>
      <object_component id="oc-d6">
         <name>.text:_SCIRXINTA_ISR</name>
         <load_address>0x80cf</load_address>
         <run_address>0x80cf</run_address>
         <size>0x5</size>
         <input_file_ref idref="fl-13"/>
      </object_component>
      <object_component id="oc-d7">
         <name>.text:_SCITXINTA_ISR</name>
         <load_address>0x80d4</load_address>
         <run_address>0x80d4</run_address>
         <size>0x5</size>
         <input_file_ref idref="fl-13"/>
      </object_component>
      <object_component id="oc-d2">
         <name>.text:_SPIRXINTA_ISR</name>
         <load_address>0x80d9</load_address>
         <run_address>0x80d9</run_address>
         <size>0x5</size>
         <input_file_ref idref="fl-13"/>
      </object_component>
      <object_component id="oc-d3">
         <name>.text:_SPITXINTA_ISR</name>
         <load_address>0x80de</load_address>
         <run_address>0x80de</run_address>
         <size>0x5</size>
         <input_file_ref idref="fl-13"/>
      </object_component>
      <object_component id="oc-c9">
         <name>.text:_TINT0_ISR</name>
         <load_address>0x80e3</load_address>
         <run_address>0x80e3</run_address>
         <size>0x5</size>
         <input_file_ref idref="fl-13"/>
      </object_component>
      <object_component id="oc-c0">
         <name>.text:_USER10_ISR</name>
         <load_address>0x80e8</load_address>
         <run_address>0x80e8</run_address>
         <size>0x5</size>
         <input_file_ref idref="fl-13"/>
      </object_component>
      <object_component id="oc-c1">
         <name>.text:_USER11_ISR</name>
         <load_address>0x80ed</load_address>
         <run_address>0x80ed</run_address>
         <size>0x5</size>
         <input_file_ref idref="fl-13"/>
      </object_component>
      <object_component id="oc-c2">
         <name>.text:_USER12_ISR</name>
         <load_address>0x80f2</load_address>
         <run_address>0x80f2</run_address>
         <size>0x5</size>
         <input_file_ref idref="fl-13"/>
      </object_component>
      <object_component id="oc-b7">
         <name>.text:_USER1_ISR</name>
         <load_address>0x80f7</load_address>
         <run_address>0x80f7</run_address>
         <size>0x5</size>
         <input_file_ref idref="fl-13"/>
      </object_component>
      <object_component id="oc-b8">
         <name>.text:_USER2_ISR</name>
         <load_address>0x80fc</load_address>
         <run_address>0x80fc</run_address>
         <size>0x5</size>
         <input_file_ref idref="fl-13"/>
      </object_component>
      <object_component id="oc-b9">
         <name>.text:_USER3_ISR</name>
         <load_address>0x8101</load_address>
         <run_address>0x8101</run_address>
         <size>0x5</size>
         <input_file_ref idref="fl-13"/>
      </object_component>
      <object_component id="oc-ba">
         <name>.text:_USER4_ISR</name>
         <load_address>0x8106</load_address>
         <run_address>0x8106</run_address>
         <size>0x5</size>
         <input_file_ref idref="fl-13"/>
      </object_component>
      <object_component id="oc-bb">
         <name>.text:_USER5_ISR</name>
         <load_address>0x810b</load_address>
         <run_address>0x810b</run_address>
         <size>0x5</size>
         <input_file_ref idref="fl-13"/>
      </object_component>
      <object_component id="oc-bc">
         <name>.text:_USER6_ISR</name>
         <load_address>0x8110</load_address>
         <run_address>0x8110</run_address>
         <size>0x5</size>
         <input_file_ref idref="fl-13"/>
      </object_component>
      <object_component id="oc-bd">
         <name>.text:_USER7_ISR</name>
         <load_address>0x8115</load_address>
         <run_address>0x8115</run_address>
         <size>0x5</size>
         <input_file_ref idref="fl-13"/>
      </object_component>
      <object_component id="oc-be">
         <name>.text:_USER8_ISR</name>
         <load_address>0x811a</load_address>
         <run_address>0x811a</run_address>
         <size>0x5</size>
         <input_file_ref idref="fl-13"/>
      </object_component>
      <object_component id="oc-bf">
         <name>.text:_USER9_ISR</name>
         <load_address>0x811f</load_address>
         <run_address>0x811f</run_address>
         <size>0x5</size>
         <input_file_ref idref="fl-13"/>
      </object_component>
      <object_component id="oc-ca">
         <name>.text:_WAKEINT_ISR</name>
         <load_address>0x8124</load_address>
         <run_address>0x8124</run_address>
         <size>0x5</size>
         <input_file_ref idref="fl-13"/>
      </object_component>
      <object_component id="oc-c6">
         <name>.text:_XINT1_ISR</name>
         <load_address>0x8129</load_address>
         <run_address>0x8129</run_address>
         <size>0x5</size>
         <input_file_ref idref="fl-13"/>
      </object_component>
      <object_component id="oc-c7">
         <name>.text:_XINT2_ISR</name>
         <load_address>0x812e</load_address>
         <run_address>0x812e</run_address>
         <size>0x5</size>
         <input_file_ref idref="fl-13"/>
      </object_component>
      <object_component id="oc-de">
         <name>.text:_XINT3_ISR</name>
         <load_address>0x8133</load_address>
         <run_address>0x8133</run_address>
         <size>0x5</size>
         <input_file_ref idref="fl-13"/>
      </object_component>
      <object_component id="oc-c5">
         <name>.text:_rsvd_ISR</name>
         <load_address>0x8138</load_address>
         <run_address>0x8138</run_address>
         <size>0x5</size>
         <input_file_ref idref="fl-13"/>
      </object_component>
      <object_component id="oc-9a">
         <name>.text:_CPU_enableInt</name>
         <load_address>0x813d</load_address>
         <run_address>0x813d</run_address>
         <size>0x4</size>
         <input_file_ref idref="fl-f"/>
      </object_component>
      <object_component id="oc-82">
         <name>.text:_CPU_init</name>
         <load_address>0x8141</load_address>
         <run_address>0x8141</run_address>
         <size>0x4</size>
         <input_file_ref idref="fl-f"/>
      </object_component>
      <object_component id="oc-a5">
         <name>.text:_PWM_enableSocAPulse</name>
         <load_address>0x8145</load_address>
         <run_address>0x8145</run_address>
         <size>0x4</size>
         <input_file_ref idref="fl-a"/>
      </object_component>
      <object_component id="oc-a9">
         <name>.text:_PWM_setCounterMode</name>
         <load_address>0x8149</load_address>
         <run_address>0x8149</run_address>
         <size>0x4</size>
         <input_file_ref idref="fl-a"/>
      </object_component>
      <object_component id="oc-90">
         <name>.text:_CPU_clearIntFlags</name>
         <load_address>0x814d</load_address>
         <run_address>0x814d</run_address>
         <size>0x3</size>
         <input_file_ref idref="fl-f"/>
      </object_component>
      <object_component id="oc-8f">
         <name>.text:_CPU_disableGlobalInts</name>
         <load_address>0x8150</load_address>
         <run_address>0x8150</run_address>
         <size>0x3</size>
         <input_file_ref idref="fl-f"/>
      </object_component>
      <object_component id="oc-9c">
         <name>.text:_CPU_enableDebugInt</name>
         <load_address>0x8153</load_address>
         <run_address>0x8153</run_address>
         <size>0x3</size>
         <input_file_ref idref="fl-f"/>
      </object_component>
      <object_component id="oc-9b">
         <name>.text:_CPU_enableGlobalInts</name>
         <load_address>0x8156</load_address>
         <run_address>0x8156</run_address>
         <size>0x3</size>
         <input_file_ref idref="fl-f"/>
      </object_component>
      <object_component id="oc-8d">
         <name>.text:_PIE_disable</name>
         <load_address>0x8159</load_address>
         <run_address>0x8159</run_address>
         <size>0x3</size>
         <input_file_ref idref="fl-c"/>
      </object_component>
      <object_component id="oc-92">
         <name>.text:_PIE_enable</name>
         <load_address>0x815c</load_address>
         <run_address>0x815c</run_address>
         <size>0x3</size>
         <input_file_ref idref="fl-c"/>
      </object_component>
      <object_component id="oc-aa">
         <name>.text:_PLL_getClkStatus</name>
         <load_address>0x815f</load_address>
         <run_address>0x815f</run_address>
         <size>0x3</size>
         <input_file_ref idref="fl-b"/>
      </object_component>
      <object_component id="oc-ad">
         <name>.text:_PLL_getLockStatus</name>
         <load_address>0x8162</load_address>
         <run_address>0x8162</run_address>
         <size>0x3</size>
         <input_file_ref idref="fl-b"/>
      </object_component>
      <object_component id="oc-a8">
         <name>.text:_PWM_setPeriod</name>
         <load_address>0x8165</load_address>
         <run_address>0x8165</run_address>
         <size>0x2</size>
         <input_file_ref idref="fl-a"/>
      </object_component>
      <object_component id="oc-75">
         <name>.cinit</name>
         <load_address>0x8167</load_address>
         <run_address>0x8167</run_address>
         <size>0xa</size>
         <input_file_ref idref="fl-16"/>
      </object_component>
      <object_component id="oc-70">
         <name>.cinit</name>
         <load_address>0x8171</load_address>
         <run_address>0x8171</run_address>
         <size>0xa</size>
         <input_file_ref idref="fl-15"/>
      </object_component>
      <object_component id="oc-6b">
         <name>.reset</name>
         <load_address>0x3fffc0</load_address>
         <run_address>0x3fffc0</run_address>
         <size>0x2</size>
         <input_file_ref idref="fl-14"/>
      </object_component>
      <object_component id="oc-6a">
         <name>.stack</name>
         <uninitialized>true</uninitialized>
         <run_address>0x400</run_address>
         <size>0x0</size>
         <input_file_ref idref="fl-14"/>
      </object_component>
      <object_component id="oc-11a">
         <name>.stack</name>
         <uninitialized>true</uninitialized>
         <run_address>0x400</run_address>
         <size>0x0</size>
      </object_component>
      <object_component id="oc-34">
         <name>.ebss</name>
         <uninitialized>true</uninitialized>
         <run_address>0x700</run_address>
         <size>0x22</size>
         <input_file_ref idref="fl-2"/>
      </object_component>
      <object_component id="oc-52">
         <name>.ebss</name>
         <uninitialized>true</uninitialized>
         <run_address>0x72a</run_address>
         <size>0x1</size>
         <input_file_ref idref="fl-f"/>
      </object_component>
      <object_component id="oc-71">
         <name>.ebss</name>
         <uninitialized>true</uninitialized>
         <run_address>0x726</run_address>
         <size>0x4</size>
         <input_file_ref idref="fl-15"/>
      </object_component>
      <object_component id="oc-76">
         <name>.ebss</name>
         <uninitialized>true</uninitialized>
         <run_address>0x722</run_address>
         <size>0x4</size>
         <input_file_ref idref="fl-16"/>
      </object_component>
      <object_component id="oc-ae">
         <name>.econst:_PIE_tableDebugInit</name>
         <load_address>0x600</load_address>
         <run_address>0x600</run_address>
         <size>0x100</size>
         <input_file_ref idref="fl-c"/>
      </object_component>
      <object_component id="oc-33">
         <name>.debug_info</name>
         <load_address>0x0</load_address>
         <run_address>0x0</run_address>
         <size>0x4abe</size>
         <input_file_ref idref="fl-2"/>
      </object_component>
      <object_component id="oc-39">
         <name>.debug_info</name>
         <load_address>0x4abe</load_address>
         <run_address>0x4abe</run_address>
         <size>0x7f6</size>
         <input_file_ref idref="fl-9"/>
      </object_component>
      <object_component id="oc-3d">
         <name>.debug_info</name>
         <load_address>0x52b4</load_address>
         <run_address>0x52b4</run_address>
         <size>0x2afc</size>
         <input_file_ref idref="fl-a"/>
      </object_component>
      <object_component id="oc-41">
         <name>.debug_info</name>
         <load_address>0x7db0</load_address>
         <run_address>0x7db0</run_address>
         <size>0xed2</size>
         <input_file_ref idref="fl-b"/>
      </object_component>
      <object_component id="oc-45">
         <name>.debug_info</name>
         <load_address>0x8c82</load_address>
         <run_address>0x8c82</run_address>
         <size>0x2dd6</size>
         <input_file_ref idref="fl-c"/>
      </object_component>
      <object_component id="oc-49">
         <name>.debug_info</name>
         <load_address>0xba58</load_address>
         <run_address>0xba58</run_address>
         <size>0x156d</size>
         <input_file_ref idref="fl-d"/>
      </object_component>
      <object_component id="oc-4d">
         <name>.debug_info</name>
         <load_address>0xcfc5</load_address>
         <run_address>0xcfc5</run_address>
         <size>0xcaf</size>
         <input_file_ref idref="fl-e"/>
      </object_component>
      <object_component id="oc-51">
         <name>.debug_info</name>
         <load_address>0xdc74</load_address>
         <run_address>0xdc74</run_address>
         <size>0xb3e</size>
         <input_file_ref idref="fl-f"/>
      </object_component>
      <object_component id="oc-56">
         <name>.debug_info</name>
         <load_address>0xe7b2</load_address>
         <run_address>0xe7b2</run_address>
         <size>0xe95</size>
         <input_file_ref idref="fl-10"/>
      </object_component>
      <object_component id="oc-5a">
         <name>.debug_info</name>
         <load_address>0xf647</load_address>
         <run_address>0xf647</run_address>
         <size>0x2e1a</size>
         <input_file_ref idref="fl-11"/>
      </object_component>
      <object_component id="oc-62">
         <name>.debug_info</name>
         <load_address>0x12461</load_address>
         <run_address>0x12461</run_address>
         <size>0x329</size>
         <input_file_ref idref="fl-12"/>
      </object_component>
      <object_component id="oc-65">
         <name>.debug_info</name>
         <load_address>0x1278a</load_address>
         <run_address>0x1278a</run_address>
         <size>0x5348</size>
         <input_file_ref idref="fl-13"/>
      </object_component>
      <object_component id="oc-6c">
         <name>.debug_info</name>
         <load_address>0x17ad2</load_address>
         <run_address>0x17ad2</run_address>
         <size>0xe0</size>
         <input_file_ref idref="fl-14"/>
      </object_component>
      <object_component id="oc-6f">
         <name>.debug_info</name>
         <load_address>0x17bb2</load_address>
         <run_address>0x17bb2</run_address>
         <size>0x3f8</size>
         <input_file_ref idref="fl-15"/>
      </object_component>
      <object_component id="oc-74">
         <name>.debug_info</name>
         <load_address>0x17faa</load_address>
         <run_address>0x17faa</run_address>
         <size>0x3d7</size>
         <input_file_ref idref="fl-16"/>
      </object_component>
      <object_component id="oc-79">
         <name>.debug_info</name>
         <load_address>0x18381</load_address>
         <run_address>0x18381</run_address>
         <size>0x3a3</size>
         <input_file_ref idref="fl-17"/>
      </object_component>
      <object_component id="oc-11e">
         <name>.debug_info</name>
         <load_address>0x18724</load_address>
         <run_address>0x18724</run_address>
         <size>0x70</size>
      </object_component>
      <object_component id="oc-36">
         <name>.debug_frame</name>
         <load_address>0x0</load_address>
         <run_address>0x0</run_address>
         <size>0x157</size>
         <input_file_ref idref="fl-2"/>
      </object_component>
      <object_component id="oc-3a">
         <name>.debug_frame</name>
         <load_address>0x157</load_address>
         <run_address>0x157</run_address>
         <size>0x92</size>
         <input_file_ref idref="fl-9"/>
      </object_component>
      <object_component id="oc-3e">
         <name>.debug_frame</name>
         <load_address>0x1e9</load_address>
         <run_address>0x1e9</run_address>
         <size>0xf2</size>
         <input_file_ref idref="fl-a"/>
      </object_component>
      <object_component id="oc-42">
         <name>.debug_frame</name>
         <load_address>0x2db</load_address>
         <run_address>0x2db</run_address>
         <size>0xf2</size>
         <input_file_ref idref="fl-b"/>
      </object_component>
      <object_component id="oc-46">
         <name>.debug_frame</name>
         <load_address>0x3cd</load_address>
         <run_address>0x3cd</run_address>
         <size>0x10a</size>
         <input_file_ref idref="fl-c"/>
      </object_component>
      <object_component id="oc-4a">
         <name>.debug_frame</name>
         <load_address>0x4d7</load_address>
         <run_address>0x4d7</run_address>
         <size>0x7a</size>
         <input_file_ref idref="fl-d"/>
      </object_component>
      <object_component id="oc-4e">
         <name>.debug_frame</name>
         <load_address>0x551</load_address>
         <run_address>0x551</run_address>
         <size>0x7a</size>
         <input_file_ref idref="fl-e"/>
      </object_component>
      <object_component id="oc-53">
         <name>.debug_frame</name>
         <load_address>0x5cb</load_address>
         <run_address>0x5cb</run_address>
         <size>0xf2</size>
         <input_file_ref idref="fl-f"/>
      </object_component>
      <object_component id="oc-57">
         <name>.debug_frame</name>
         <load_address>0x6bd</load_address>
         <run_address>0x6bd</run_address>
         <size>0xc2</size>
         <input_file_ref idref="fl-10"/>
      </object_component>
      <object_component id="oc-5b">
         <name>.debug_frame</name>
         <load_address>0x77f</load_address>
         <run_address>0x77f</run_address>
         <size>0x19a</size>
         <input_file_ref idref="fl-11"/>
      </object_component>
      <object_component id="oc-66">
         <name>.debug_frame</name>
         <load_address>0x919</load_address>
         <run_address>0x919</run_address>
         <size>0x512</size>
         <input_file_ref idref="fl-13"/>
      </object_component>
      <object_component id="oc-37">
         <name>.debug_line</name>
         <load_address>0x0</load_address>
         <run_address>0x0</run_address>
         <size>0x202</size>
         <input_file_ref idref="fl-2"/>
      </object_component>
      <object_component id="oc-3b">
         <name>.debug_line</name>
         <load_address>0x202</load_address>
         <run_address>0x202</run_address>
         <size>0xb1</size>
         <input_file_ref idref="fl-9"/>
      </object_component>
      <object_component id="oc-3f">
         <name>.debug_line</name>
         <load_address>0x2b3</load_address>
         <run_address>0x2b3</run_address>
         <size>0x11f</size>
         <input_file_ref idref="fl-a"/>
      </object_component>
      <object_component id="oc-43">
         <name>.debug_line</name>
         <load_address>0x3d2</load_address>
         <run_address>0x3d2</run_address>
         <size>0x131</size>
         <input_file_ref idref="fl-b"/>
      </object_component>
      <object_component id="oc-47">
         <name>.debug_line</name>
         <load_address>0x503</load_address>
         <run_address>0x503</run_address>
         <size>0x15f</size>
         <input_file_ref idref="fl-c"/>
      </object_component>
      <object_component id="oc-4b">
         <name>.debug_line</name>
         <load_address>0x662</load_address>
         <run_address>0x662</run_address>
         <size>0x95</size>
         <input_file_ref idref="fl-d"/>
      </object_component>
      <object_component id="oc-4f">
         <name>.debug_line</name>
         <load_address>0x6f7</load_address>
         <run_address>0x6f7</run_address>
         <size>0x92</size>
         <input_file_ref idref="fl-e"/>
      </object_component>
      <object_component id="oc-54">
         <name>.debug_line</name>
         <load_address>0x789</load_address>
         <run_address>0x789</run_address>
         <size>0x109</size>
         <input_file_ref idref="fl-f"/>
      </object_component>
      <object_component id="oc-58">
         <name>.debug_line</name>
         <load_address>0x892</load_address>
         <run_address>0x892</run_address>
         <size>0xeb</size>
         <input_file_ref idref="fl-10"/>
      </object_component>
      <object_component id="oc-5c">
         <name>.debug_line</name>
         <load_address>0x97d</load_address>
         <run_address>0x97d</run_address>
         <size>0x216</size>
         <input_file_ref idref="fl-11"/>
      </object_component>
      <object_component id="oc-63">
         <name>.debug_line</name>
         <load_address>0xb93</load_address>
         <run_address>0xb93</run_address>
         <size>0xd0</size>
         <input_file_ref idref="fl-12"/>
      </object_component>
      <object_component id="oc-67">
         <name>.debug_line</name>
         <load_address>0xc63</load_address>
         <run_address>0xc63</run_address>
         <size>0x4c6</size>
         <input_file_ref idref="fl-13"/>
      </object_component>
      <object_component id="oc-6d">
         <name>.debug_line</name>
         <load_address>0x1129</load_address>
         <run_address>0x1129</run_address>
         <size>0x70</size>
         <input_file_ref idref="fl-14"/>
      </object_component>
      <object_component id="oc-72">
         <name>.debug_line</name>
         <load_address>0x1199</load_address>
         <run_address>0x1199</run_address>
         <size>0x4f</size>
         <input_file_ref idref="fl-15"/>
      </object_component>
      <object_component id="oc-77">
         <name>.debug_line</name>
         <load_address>0x11e8</load_address>
         <run_address>0x11e8</run_address>
         <size>0x57</size>
         <input_file_ref idref="fl-16"/>
      </object_component>
      <object_component id="oc-7a">
         <name>.debug_line</name>
         <load_address>0x123f</load_address>
         <run_address>0x123f</run_address>
         <size>0x41</size>
         <input_file_ref idref="fl-17"/>
      </object_component>
      <object_component id="oc-38">
         <name>.debug_abbrev</name>
         <load_address>0x0</load_address>
         <run_address>0x0</run_address>
         <size>0x1ff</size>
         <input_file_ref idref="fl-2"/>
      </object_component>
      <object_component id="oc-3c">
         <name>.debug_abbrev</name>
         <load_address>0x1ff</load_address>
         <run_address>0x1ff</run_address>
         <size>0x113</size>
         <input_file_ref idref="fl-9"/>
      </object_component>
      <object_component id="oc-40">
         <name>.debug_abbrev</name>
         <load_address>0x312</load_address>
         <run_address>0x312</run_address>
         <size>0x168</size>
         <input_file_ref idref="fl-a"/>
      </object_component>
      <object_component id="oc-44">
         <name>.debug_abbrev</name>
         <load_address>0x47a</load_address>
         <run_address>0x47a</run_address>
         <size>0x191</size>
         <input_file_ref idref="fl-b"/>
      </object_component>
      <object_component id="oc-48">
         <name>.debug_abbrev</name>
         <load_address>0x60b</load_address>
         <run_address>0x60b</run_address>
         <size>0x1f6</size>
         <input_file_ref idref="fl-c"/>
      </object_component>
      <object_component id="oc-4c">
         <name>.debug_abbrev</name>
         <load_address>0x801</load_address>
         <run_address>0x801</run_address>
         <size>0x15d</size>
         <input_file_ref idref="fl-d"/>
      </object_component>
      <object_component id="oc-50">
         <name>.debug_abbrev</name>
         <load_address>0x95e</load_address>
         <run_address>0x95e</run_address>
         <size>0x162</size>
         <input_file_ref idref="fl-e"/>
      </object_component>
      <object_component id="oc-55">
         <name>.debug_abbrev</name>
         <load_address>0xac0</load_address>
         <run_address>0xac0</run_address>
         <size>0x113</size>
         <input_file_ref idref="fl-f"/>
      </object_component>
      <object_component id="oc-59">
         <name>.debug_abbrev</name>
         <load_address>0xbd3</load_address>
         <run_address>0xbd3</run_address>
         <size>0x166</size>
         <input_file_ref idref="fl-10"/>
      </object_component>
      <object_component id="oc-5d">
         <name>.debug_abbrev</name>
         <load_address>0xd39</load_address>
         <run_address>0xd39</run_address>
         <size>0x181</size>
         <input_file_ref idref="fl-11"/>
      </object_component>
      <object_component id="oc-64">
         <name>.debug_abbrev</name>
         <load_address>0xeba</load_address>
         <run_address>0xeba</run_address>
         <size>0x3b</size>
         <input_file_ref idref="fl-12"/>
      </object_component>
      <object_component id="oc-68">
         <name>.debug_abbrev</name>
         <load_address>0xef5</load_address>
         <run_address>0xef5</run_address>
         <size>0xdc</size>
         <input_file_ref idref="fl-13"/>
      </object_component>
      <object_component id="oc-6e">
         <name>.debug_abbrev</name>
         <load_address>0xfd1</load_address>
         <run_address>0xfd1</run_address>
         <size>0x46</size>
         <input_file_ref idref="fl-14"/>
      </object_component>
      <object_component id="oc-73">
         <name>.debug_abbrev</name>
         <load_address>0x1017</load_address>
         <run_address>0x1017</run_address>
         <size>0xe8</size>
         <input_file_ref idref="fl-15"/>
      </object_component>
      <object_component id="oc-78">
         <name>.debug_abbrev</name>
         <load_address>0x10ff</load_address>
         <run_address>0x10ff</run_address>
         <size>0x90</size>
         <input_file_ref idref="fl-16"/>
      </object_component>
      <object_component id="oc-7b">
         <name>.debug_abbrev</name>
         <load_address>0x118f</load_address>
         <run_address>0x118f</run_address>
         <size>0xdd</size>
         <input_file_ref idref="fl-17"/>
      </object_component>
      <object_component id="oc-11f">
         <name>.debug_abbrev</name>
         <load_address>0x126c</load_address>
         <run_address>0x126c</run_address>
         <size>0xd</size>
      </object_component>
      <object_component id="oc-60">
         <name>csmpasswds</name>
         <load_address>0x81f7</load_address>
         <run_address>0x81f7</run_address>
         <size>0x8</size>
         <input_file_ref idref="fl-12"/>
      </object_component>
      <object_component id="oc-61">
         <name>csm_rsvd</name>
         <load_address>0x8181</load_address>
         <run_address>0x8181</run_address>
         <size>0x76</size>
         <input_file_ref idref="fl-12"/>
      </object_component>
   </object_component_list>
   <logical_group_list>
      <logical_group id="lg-3">
         <name>PieVectTableFile</name>
         <run_address>0x0</run_address>
         <size>0x0</size>
         <contents>
         </contents>
      </logical_group>
      <logical_group id="lg-5">
         <name>EmuKeyVar</name>
         <run_address>0x0</run_address>
         <size>0x0</size>
         <contents>
         </contents>
      </logical_group>
      <logical_group id="lg-6">
         <name>EmuBModeVar</name>
         <run_address>0x0</run_address>
         <size>0x0</size>
         <contents>
         </contents>
      </logical_group>
      <logical_group id="lg-7">
         <name>FlashCallbackVar</name>
         <run_address>0x0</run_address>
         <size>0x0</size>
         <contents>
         </contents>
      </logical_group>
      <logical_group id="lg-8">
         <name>FlashScalingVar</name>
         <run_address>0x0</run_address>
         <size>0x0</size>
         <contents>
         </contents>
      </logical_group>
      <logical_group id="lg-4">
         <name>GROUP_2</name>
         <run_address>0x0</run_address>
         <size>0x0</size>
         <contents>
            <logical_group_ref idref="lg-5"/>
            <logical_group_ref idref="lg-6"/>
            <logical_group_ref idref="lg-7"/>
            <logical_group_ref idref="lg-8"/>
         </contents>
      </logical_group>
      <overlay id="lg-2">
         <name>UNION_1</name>
         <run_address>0x0</run_address>
         <size>0x0</size>
         <contents>
            <logical_group_ref idref="lg-3"/>
            <logical_group_ref idref="lg-4"/>
         </contents>
      </overlay>
      <logical_group id="lg-9">
         <name>DevEmuRegsFile</name>
         <run_address>0x0</run_address>
         <size>0x0</size>
         <contents>
         </contents>
      </logical_group>
      <logical_group id="lg-a">
         <name>SysPwrCtrlRegsFile</name>
         <run_address>0x0</run_address>
         <size>0x0</size>
         <contents>
         </contents>
      </logical_group>
      <logical_group id="lg-b">
         <name>FlashRegsFile</name>
         <run_address>0x0</run_address>
         <size>0x0</size>
         <contents>
         </contents>
      </logical_group>
      <logical_group id="lg-c">
         <name>CsmRegsFile</name>
         <run_address>0x0</run_address>
         <size>0x0</size>
         <contents>
         </contents>
      </logical_group>
      <logical_group id="lg-d">
         <name>AdcResultFile</name>
         <run_address>0x0</run_address>
         <size>0x0</size>
         <contents>
         </contents>
      </logical_group>
      <logical_group id="lg-e">
         <name>CpuTimer0RegsFile</name>
         <run_address>0x0</run_address>
         <size>0x0</size>
         <contents>
         </contents>
      </logical_group>
      <logical_group id="lg-f">
         <name>CpuTimer1RegsFile</name>
         <run_address>0x0</run_address>
         <size>0x0</size>
         <contents>
         </contents>
      </logical_group>
      <logical_group id="lg-10">
         <name>CpuTimer2RegsFile</name>
         <run_address>0x0</run_address>
         <size>0x0</size>
         <contents>
         </contents>
      </logical_group>
      <logical_group id="lg-11">
         <name>PieCtrlRegsFile</name>
         <run_address>0x0</run_address>
         <size>0x0</size>
         <contents>
         </contents>
      </logical_group>
      <logical_group id="lg-12">
         <name>ECap1RegsFile</name>
         <run_address>0x0</run_address>
         <size>0x0</size>
         <contents>
         </contents>
      </logical_group>
      <logical_group id="lg-13">
         <name>GpioCtrlRegsFile</name>
         <run_address>0x0</run_address>
         <size>0x0</size>
         <contents>
         </contents>
      </logical_group>
      <logical_group id="lg-14">
         <name>GpioDataRegsFile</name>
         <run_address>0x0</run_address>
         <size>0x0</size>
         <contents>
         </contents>
      </logical_group>
      <logical_group id="lg-15">
         <name>GpioIntRegsFile</name>
         <run_address>0x0</run_address>
         <size>0x0</size>
         <contents>
         </contents>
      </logical_group>
      <logical_group id="lg-16">
         <name>SysCtrlRegsFile</name>
         <run_address>0x0</run_address>
         <size>0x0</size>
         <contents>
         </contents>
      </logical_group>
      <logical_group id="lg-17">
         <name>SpiaRegsFile</name>
         <run_address>0x0</run_address>
         <size>0x0</size>
         <contents>
         </contents>
      </logical_group>
      <logical_group id="lg-18">
         <name>SciaRegsFile</name>
         <run_address>0x0</run_address>
         <size>0x0</size>
         <contents>
         </contents>
      </logical_group>
      <logical_group id="lg-19">
         <name>NmiIntruptRegsFile</name>
         <run_address>0x0</run_address>
         <size>0x0</size>
         <contents>
         </contents>
      </logical_group>
      <logical_group id="lg-1a">
         <name>XIntruptRegsFile</name>
         <run_address>0x0</run_address>
         <size>0x0</size>
         <contents>
         </contents>
      </logical_group>
      <logical_group id="lg-1b">
         <name>AdcRegsFile</name>
         <run_address>0x0</run_address>
         <size>0x0</size>
         <contents>
         </contents>
      </logical_group>
      <logical_group id="lg-1c">
         <name>I2caRegsFile</name>
         <run_address>0x0</run_address>
         <size>0x0</size>
         <contents>
         </contents>
      </logical_group>
      <logical_group id="lg-1d">
         <name>Comp1RegsFile</name>
         <run_address>0x0</run_address>
         <size>0x0</size>
         <contents>
         </contents>
      </logical_group>
      <logical_group id="lg-1e">
         <name>Comp2RegsFile</name>
         <run_address>0x0</run_address>
         <size>0x0</size>
         <contents>
         </contents>
      </logical_group>
      <logical_group id="lg-1f">
         <name>EPwm1RegsFile</name>
         <run_address>0x0</run_address>
         <size>0x0</size>
         <contents>
         </contents>
      </logical_group>
      <logical_group id="lg-20">
         <name>EPwm2RegsFile</name>
         <run_address>0x0</run_address>
         <size>0x0</size>
         <contents>
         </contents>
      </logical_group>
      <logical_group id="lg-21">
         <name>EPwm3RegsFile</name>
         <run_address>0x0</run_address>
         <size>0x0</size>
         <contents>
         </contents>
      </logical_group>
      <logical_group id="lg-22">
         <name>EPwm4RegsFile</name>
         <run_address>0x0</run_address>
         <size>0x0</size>
         <contents>
         </contents>
      </logical_group>
      <logical_group id="lg-23">
         <name>CsmPwlFile</name>
         <run_address>0x0</run_address>
         <size>0x0</size>
         <contents>
         </contents>
      </logical_group>
      <logical_group id="lg-24">
         <name>PartIdRegsFile</name>
         <run_address>0x0</run_address>
         <size>0x0</size>
         <contents>
         </contents>
      </logical_group>
      <logical_group id="lg-25">
         <name>codestart</name>
         <load_address>0x0</load_address>
         <run_address>0x0</run_address>
         <size>0x2</size>
         <contents>
            <object_component_ref idref="oc-32"/>
         </contents>
      </logical_group>
      <logical_group id="lg-11b">
         <name>ramfuncs</name>
         <load_address>0x817d</load_address>
         <run_address>0x817d</run_address>
         <size>0x4</size>
         <contents>
            <object_component_ref idref="oc-5f"/>
         </contents>
      </logical_group>
      <split_section id="lg-26">
         <name>ramfuncs</name>
         <contents>
            <logical_group_ref idref="lg-11b"/>
         </contents>
      </split_section>
      <logical_group id="lg-11c">
         <name>.text.1</name>
         <load_address>0x50</load_address>
         <run_address>0x50</run_address>
         <size>0x3af</size>
         <contents>
            <object_component_ref idref="oc-7c"/>
            <object_component_ref idref="oc-69"/>
            <object_component_ref idref="oc-35"/>
            <object_component_ref idref="oc-9f"/>
            <object_component_ref idref="oc-a0"/>
            <object_component_ref idref="oc-a1"/>
            <object_component_ref idref="oc-a3"/>
            <object_component_ref idref="oc-a2"/>
            <object_component_ref idref="oc-7d"/>
            <object_component_ref idref="oc-7e"/>
            <object_component_ref idref="oc-9e"/>
            <object_component_ref idref="oc-8c"/>
            <object_component_ref idref="oc-9d"/>
            <object_component_ref idref="oc-98"/>
            <object_component_ref idref="oc-99"/>
            <object_component_ref idref="oc-5e"/>
            <object_component_ref idref="oc-91"/>
            <object_component_ref idref="oc-8e"/>
            <object_component_ref idref="oc-93"/>
            <object_component_ref idref="oc-97"/>
            <object_component_ref idref="oc-94"/>
            <object_component_ref idref="oc-95"/>
            <object_component_ref idref="oc-96"/>
            <object_component_ref idref="oc-a4"/>
            <object_component_ref idref="oc-a7"/>
            <object_component_ref idref="oc-a6"/>
            <object_component_ref idref="oc-7f"/>
            <object_component_ref idref="oc-80"/>
            <object_component_ref idref="oc-85"/>
         </contents>
      </logical_group>
      <logical_group id="lg-11d">
         <name>.text.2</name>
         <load_address>0x8000</load_address>
         <run_address>0x8000</run_address>
         <size>0x167</size>
         <contents>
            <object_component_ref idref="oc-89"/>
            <object_component_ref idref="oc-8a"/>
            <object_component_ref idref="oc-81"/>
            <object_component_ref idref="oc-8b"/>
            <object_component_ref idref="oc-83"/>
            <object_component_ref idref="oc-84"/>
            <object_component_ref idref="oc-86"/>
            <object_component_ref idref="oc-ab"/>
            <object_component_ref idref="oc-87"/>
            <object_component_ref idref="oc-88"/>
            <object_component_ref idref="oc-ac"/>
            <object_component_ref idref="oc-c3"/>
            <object_component_ref idref="oc-c4"/>
            <object_component_ref idref="oc-d8"/>
            <object_component_ref idref="oc-d9"/>
            <object_component_ref idref="oc-da"/>
            <object_component_ref idref="oc-db"/>
            <object_component_ref idref="oc-dc"/>
            <object_component_ref idref="oc-dd"/>
            <object_component_ref idref="oc-c8"/>
            <object_component_ref idref="oc-b2"/>
            <object_component_ref idref="oc-d1"/>
            <object_component_ref idref="oc-b4"/>
            <object_component_ref idref="oc-ce"/>
            <object_component_ref idref="oc-cb"/>
            <object_component_ref idref="oc-cf"/>
            <object_component_ref idref="oc-cc"/>
            <object_component_ref idref="oc-d0"/>
            <object_component_ref idref="oc-cd"/>
            <object_component_ref idref="oc-d4"/>
            <object_component_ref idref="oc-d5"/>
            <object_component_ref idref="oc-b6"/>
            <object_component_ref idref="oc-b0"/>
            <object_component_ref idref="oc-b1"/>
            <object_component_ref idref="oc-b5"/>
            <object_component_ref idref="oc-af"/>
            <object_component_ref idref="oc-b3"/>
            <object_component_ref idref="oc-d6"/>
            <object_component_ref idref="oc-d7"/>
            <object_component_ref idref="oc-d2"/>
            <object_component_ref idref="oc-d3"/>
            <object_component_ref idref="oc-c9"/>
            <object_component_ref idref="oc-c0"/>
            <object_component_ref idref="oc-c1"/>
            <object_component_ref idref="oc-c2"/>
            <object_component_ref idref="oc-b7"/>
            <object_component_ref idref="oc-b8"/>
            <object_component_ref idref="oc-b9"/>
            <object_component_ref idref="oc-ba"/>
            <object_component_ref idref="oc-bb"/>
            <object_component_ref idref="oc-bc"/>
            <object_component_ref idref="oc-bd"/>
            <object_component_ref idref="oc-be"/>
            <object_component_ref idref="oc-bf"/>
            <object_component_ref idref="oc-ca"/>
            <object_component_ref idref="oc-c6"/>
            <object_component_ref idref="oc-c7"/>
            <object_component_ref idref="oc-de"/>
            <object_component_ref idref="oc-c5"/>
            <object_component_ref idref="oc-9a"/>
            <object_component_ref idref="oc-82"/>
            <object_component_ref idref="oc-a5"/>
            <object_component_ref idref="oc-a9"/>
            <object_component_ref idref="oc-90"/>
            <object_component_ref idref="oc-8f"/>
            <object_component_ref idref="oc-9c"/>
            <object_component_ref idref="oc-9b"/>
            <object_component_ref idref="oc-8d"/>
            <object_component_ref idref="oc-92"/>
            <object_component_ref idref="oc-aa"/>
            <object_component_ref idref="oc-ad"/>
            <object_component_ref idref="oc-a8"/>
         </contents>
      </logical_group>
      <split_section id="lg-27">
         <name>.text</name>
         <contents>
            <logical_group_ref idref="lg-11c"/>
            <logical_group_ref idref="lg-11d"/>
         </contents>
      </split_section>
      <logical_group id="lg-28">
         <name>.cinit</name>
         <load_address>0x8167</load_address>
         <run_address>0x8167</run_address>
         <size>0x16</size>
         <contents>
            <object_component_ref idref="oc-75"/>
            <object_component_ref idref="oc-70"/>
         </contents>
      </logical_group>
      <logical_group id="lg-29">
         <name>.pinit</name>
         <run_address>0x0</run_address>
         <size>0x0</size>
         <contents>
         </contents>
      </logical_group>
      <logical_group id="lg-2a">
         <name>.switch</name>
         <run_address>0x0</run_address>
         <size>0x0</size>
         <contents>
         </contents>
      </logical_group>
      <logical_group id="lg-2b">
         <name>.reset</name>
         <load_address>0x3fffc0</load_address>
         <run_address>0x3fffc0</run_address>
         <size>0x2</size>
         <contents>
            <object_component_ref idref="oc-6b"/>
         </contents>
      </logical_group>
      <logical_group id="lg-2c">
         <name>.stack</name>
         <run_address>0x400</run_address>
         <size>0x200</size>
         <contents>
            <object_component_ref idref="oc-6a"/>
            <object_component_ref idref="oc-11a"/>
         </contents>
      </logical_group>
      <logical_group id="lg-2d">
         <name>.ebss</name>
         <run_address>0x700</run_address>
         <size>0x2b</size>
         <contents>
            <object_component_ref idref="oc-34"/>
            <object_component_ref idref="oc-52"/>
            <object_component_ref idref="oc-71"/>
            <object_component_ref idref="oc-76"/>
         </contents>
      </logical_group>
      <logical_group id="lg-2e">
         <name>.econst</name>
         <load_address>0x600</load_address>
         <run_address>0x600</run_address>
         <size>0x100</size>
         <contents>
            <object_component_ref idref="oc-ae"/>
         </contents>
      </logical_group>
      <logical_group id="lg-2f">
         <name>.esysmem</name>
         <run_address>0x0</run_address>
         <size>0x0</size>
         <contents>
         </contents>
      </logical_group>
      <logical_group id="lg-30">
         <name>IQmath</name>
         <run_address>0x0</run_address>
         <size>0x0</size>
         <contents>
         </contents>
      </logical_group>
      <logical_group id="lg-31">
         <name>IQmathTables</name>
         <run_address>0x0</run_address>
         <size>0x0</size>
         <contents>
         </contents>
      </logical_group>
      <logical_group id="lg-10d">
         <name>.debug_info</name>
         <load_address>0x0</load_address>
         <run_address>0x0</run_address>
         <size>0x18794</size>
         <contents>
            <object_component_ref idref="oc-33"/>
            <object_component_ref idref="oc-39"/>
            <object_component_ref idref="oc-3d"/>
            <object_component_ref idref="oc-41"/>
            <object_component_ref idref="oc-45"/>
            <object_component_ref idref="oc-49"/>
            <object_component_ref idref="oc-4d"/>
            <object_component_ref idref="oc-51"/>
            <object_component_ref idref="oc-56"/>
            <object_component_ref idref="oc-5a"/>
            <object_component_ref idref="oc-62"/>
            <object_component_ref idref="oc-65"/>
            <object_component_ref idref="oc-6c"/>
            <object_component_ref idref="oc-6f"/>
            <object_component_ref idref="oc-74"/>
            <object_component_ref idref="oc-79"/>
            <object_component_ref idref="oc-11e"/>
         </contents>
      </logical_group>
      <logical_group id="lg-10f">
         <name>.debug_frame</name>
         <load_address>0x0</load_address>
         <run_address>0x0</run_address>
         <size>0xe2b</size>
         <contents>
            <object_component_ref idref="oc-36"/>
            <object_component_ref idref="oc-3a"/>
            <object_component_ref idref="oc-3e"/>
            <object_component_ref idref="oc-42"/>
            <object_component_ref idref="oc-46"/>
            <object_component_ref idref="oc-4a"/>
            <object_component_ref idref="oc-4e"/>
            <object_component_ref idref="oc-53"/>
            <object_component_ref idref="oc-57"/>
            <object_component_ref idref="oc-5b"/>
            <object_component_ref idref="oc-66"/>
         </contents>
      </logical_group>
      <logical_group id="lg-111">
         <name>.debug_line</name>
         <load_address>0x0</load_address>
         <run_address>0x0</run_address>
         <size>0x1280</size>
         <contents>
            <object_component_ref idref="oc-37"/>
            <object_component_ref idref="oc-3b"/>
            <object_component_ref idref="oc-3f"/>
            <object_component_ref idref="oc-43"/>
            <object_component_ref idref="oc-47"/>
            <object_component_ref idref="oc-4b"/>
            <object_component_ref idref="oc-4f"/>
            <object_component_ref idref="oc-54"/>
            <object_component_ref idref="oc-58"/>
            <object_component_ref idref="oc-5c"/>
            <object_component_ref idref="oc-63"/>
            <object_component_ref idref="oc-67"/>
            <object_component_ref idref="oc-6d"/>
            <object_component_ref idref="oc-72"/>
            <object_component_ref idref="oc-77"/>
            <object_component_ref idref="oc-7a"/>
         </contents>
      </logical_group>
      <logical_group id="lg-113">
         <name>.debug_abbrev</name>
         <load_address>0x0</load_address>
         <run_address>0x0</run_address>
         <size>0x1279</size>
         <contents>
            <object_component_ref idref="oc-38"/>
            <object_component_ref idref="oc-3c"/>
            <object_component_ref idref="oc-40"/>
            <object_component_ref idref="oc-44"/>
            <object_component_ref idref="oc-48"/>
            <object_component_ref idref="oc-4c"/>
            <object_component_ref idref="oc-50"/>
            <object_component_ref idref="oc-55"/>
            <object_component_ref idref="oc-59"/>
            <object_component_ref idref="oc-5d"/>
            <object_component_ref idref="oc-64"/>
            <object_component_ref idref="oc-68"/>
            <object_component_ref idref="oc-6e"/>
            <object_component_ref idref="oc-73"/>
            <object_component_ref idref="oc-78"/>
            <object_component_ref idref="oc-7b"/>
            <object_component_ref idref="oc-11f"/>
         </contents>
      </logical_group>
      <logical_group id="lg-115">
         <name>csmpasswds</name>
         <load_address>0x81f7</load_address>
         <run_address>0x81f7</run_address>
         <size>0x8</size>
         <contents>
            <object_component_ref idref="oc-60"/>
         </contents>
      </logical_group>
      <logical_group id="lg-117">
         <name>csm_rsvd</name>
         <load_address>0x8181</load_address>
         <run_address>0x8181</run_address>
         <size>0x76</size>
         <contents>
            <object_component_ref idref="oc-61"/>
         </contents>
      </logical_group>
   </logical_group_list>
   <placement_map>
      <memory_area>
         <name>BEGIN</name>
         <page_id>0x0</page_id>
         <origin>0x0</origin>
         <length>0x2</length>
         <used_space>0x2</used_space>
         <unused_space>0x0</unused_space>
         <attributes>RWIX</attributes>
         <usage_details>
            <allocated_space>
               <start_address>0x0</start_address>
               <size>0x2</size>
               <logical_group_ref idref="lg-25"/>
            </allocated_space>
         </usage_details>
      </memory_area>
      <memory_area>
         <name>RAMM0</name>
         <page_id>0x0</page_id>
         <origin>0x50</origin>
         <length>0x3b0</length>
         <used_space>0x3af</used_space>
         <unused_space>0x1</unused_space>
         <attributes>RWIX</attributes>
         <usage_details>
            <allocated_space>
               <start_address>0x50</start_address>
               <size>0x3af</size>
               <logical_group_ref idref="lg-11c"/>
            </allocated_space>
            <available_space>
               <start_address>0x3ff</start_address>
               <size>0x1</size>
            </available_space>
         </usage_details>
      </memory_area>
      <memory_area>
         <name>RAML0</name>
         <page_id>0x0</page_id>
         <origin>0x8000</origin>
         <length>0x400</length>
         <used_space>0x1ff</used_space>
         <unused_space>0x201</unused_space>
         <attributes>RWIX</attributes>
         <usage_details>
            <allocated_space>
               <start_address>0x8000</start_address>
               <size>0x167</size>
               <logical_group_ref idref="lg-11d"/>
            </allocated_space>
            <allocated_space>
               <start_address>0x8167</start_address>
               <size>0x16</size>
               <logical_group_ref idref="lg-28"/>
            </allocated_space>
            <allocated_space>
               <start_address>0x817d</start_address>
               <size>0x4</size>
               <logical_group_ref idref="lg-11b"/>
            </allocated_space>
            <allocated_space>
               <start_address>0x8181</start_address>
               <size>0x76</size>
               <logical_group_ref idref="lg-117"/>
            </allocated_space>
            <allocated_space>
               <start_address>0x81f7</start_address>
               <size>0x8</size>
               <logical_group_ref idref="lg-115"/>
            </allocated_space>
            <available_space>
               <start_address>0x81ff</start_address>
               <size>0x201</size>
            </available_space>
         </usage_details>
      </memory_area>
      <memory_area>
         <name>IQTABLES</name>
         <page_id>0x0</page_id>
         <origin>0x3fe000</origin>
         <length>0xb50</length>
         <used_space>0x0</used_space>
         <unused_space>0xb50</unused_space>
         <attributes>RWIX</attributes>
         <usage_details>
         </usage_details>
      </memory_area>
      <memory_area>
         <name>IQTABLES2</name>
         <page_id>0x0</page_id>
         <origin>0x3feb50</origin>
         <length>0x8c</length>
         <used_space>0x0</used_space>
         <unused_space>0x8c</unused_space>
         <attributes>RWIX</attributes>
         <usage_details>
         </usage_details>
      </memory_area>
      <memory_area>
         <name>IQTABLES3</name>
         <page_id>0x0</page_id>
         <origin>0x3febdc</origin>
         <length>0xaa</length>
         <used_space>0x0</used_space>
         <unused_space>0xaa</unused_space>
         <attributes>RWIX</attributes>
         <usage_details>
         </usage_details>
      </memory_area>
      <memory_area>
         <name>BOOTROM</name>
         <page_id>0x0</page_id>
         <origin>0x3ff27c</origin>
         <length>0xd44</length>
         <used_space>0x0</used_space>
         <unused_space>0xd44</unused_space>
         <attributes>RWIX</attributes>
         <usage_details>
         </usage_details>
      </memory_area>
      <memory_area>
         <name>RESET</name>
         <page_id>0x0</page_id>
         <origin>0x3fffc0</origin>
         <length>0x2</length>
         <used_space>0x0</used_space>
         <unused_space>0x2</unused_space>
         <attributes>RWIX</attributes>
         <usage_details>
         </usage_details>
      </memory_area>
      <memory_area>
         <name>BOOT_RSVD</name>
         <page_id>0x1</page_id>
         <origin>0x2</origin>
         <length>0x4e</length>
         <used_space>0x0</used_space>
         <unused_space>0x4e</unused_space>
         <attributes>RWIX</attributes>
         <usage_details>
         </usage_details>
      </memory_area>
      <memory_area>
         <name>RAMM1</name>
         <page_id>0x1</page_id>
         <origin>0x400</origin>
         <length>0x400</length>
         <used_space>0x32b</used_space>
         <unused_space>0xd5</unused_space>
         <attributes>RWIX</attributes>
         <usage_details>
            <allocated_space>
               <start_address>0x400</start_address>
               <size>0x200</size>
               <logical_group_ref idref="lg-2c"/>
            </allocated_space>
            <allocated_space>
               <start_address>0x600</start_address>
               <size>0x100</size>
               <logical_group_ref idref="lg-2e"/>
            </allocated_space>
            <allocated_space>
               <start_address>0x700</start_address>
               <size>0x2b</size>
               <logical_group_ref idref="lg-2d"/>
            </allocated_space>
            <available_space>
               <start_address>0x72b</start_address>
               <size>0xd5</size>
            </available_space>
         </usage_details>
      </memory_area>
      <memory_area>
         <name>DEV_EMU</name>
         <page_id>0x1</page_id>
         <origin>0x880</origin>
         <length>0x105</length>
         <used_space>0x0</used_space>
         <unused_space>0x105</unused_space>
         <attributes>RWIX</attributes>
         <usage_details>
         </usage_details>
      </memory_area>
      <memory_area>
         <name>SYS_PWR_CTL</name>
         <page_id>0x1</page_id>
         <origin>0x985</origin>
         <length>0x3</length>
         <used_space>0x0</used_space>
         <unused_space>0x3</unused_space>
         <attributes>RWIX</attributes>
         <usage_details>
         </usage_details>
      </memory_area>
      <memory_area>
         <name>FLASH_REGS</name>
         <page_id>0x1</page_id>
         <origin>0xa80</origin>
         <length>0x60</length>
         <used_space>0x0</used_space>
         <unused_space>0x60</unused_space>
         <attributes>RWIX</attributes>
         <usage_details>
         </usage_details>
      </memory_area>
      <memory_area>
         <name>CSM</name>
         <page_id>0x1</page_id>
         <origin>0xae0</origin>
         <length>0x10</length>
         <used_space>0x0</used_space>
         <unused_space>0x10</unused_space>
         <attributes>RWIX</attributes>
         <usage_details>
         </usage_details>
      </memory_area>
      <memory_area>
         <name>ADC_RESULT</name>
         <page_id>0x1</page_id>
         <origin>0xb00</origin>
         <length>0x20</length>
         <used_space>0x0</used_space>
         <unused_space>0x20</unused_space>
         <attributes>RWIX</attributes>
         <usage_details>
         </usage_details>
      </memory_area>
      <memory_area>
         <name>CPU_TIMER0</name>
         <page_id>0x1</page_id>
         <origin>0xc00</origin>
         <length>0x8</length>
         <used_space>0x0</used_space>
         <unused_space>0x8</unused_space>
         <attributes>RWIX</attributes>
         <usage_details>
         </usage_details>
      </memory_area>
      <memory_area>
         <name>CPU_TIMER1</name>
         <page_id>0x1</page_id>
         <origin>0xc08</origin>
         <length>0x8</length>
[...]
      <symbol id="sm-90">
         <name>_myPie</name>
         <value>0x702</value>
         <object_component_ref idref="oc-34"/>
      </symbol>
      <symbol id="sm-91">
         <name>_Voltage1</name>
         <value>0x718</value>
         <object_component_ref idref="oc-34"/>
      </symbol>
      <symbol id="sm-92">
         <name>_Voltage2</name>
         <value>0x70e</value>
         <object_component_ref idref="oc-34"/>
      </symbol>
      <symbol id="sm-93">
         <name>_ConversionCount</name>
         <value>0x700</value>
         <object_component_ref idref="oc-34"/>
      </symbol>
      <symbol id="sm-94">
         <name>_myAdc</name>
         <value>0x70c</value>
         <object_component_ref idref="oc-34"/>
      </symbol>
      <symbol id="sm-95">
         <name>_LoopCount</name>
         <value>0x701</value>
         <object_component_ref idref="oc-34"/>
      </symbol>
      <symbol id="sm-96">
         <name>_myGpio</name>
         <value>0x706</value>
         <object_component_ref idref="oc-34"/>
      </symbol>
      <symbol id="sm-97">
         <name>_myClk</name>
         <value>0x708</value>
         <object_component_ref idref="oc-34"/>
      </symbol>
      <symbol id="sm-98">
         <name>_myFlash</name>
         <value>0x70a</value>
         <object_component_ref idref="oc-34"/>
      </symbol>
      <symbol id="sm-a5">
         <name>_WDOG_init</name>
         <value>0x8040</value>
         <object_component_ref idref="oc-88"/>
      </symbol>
      <symbol id="sm-a6">
         <name>_WDOG_disable</name>
         <value>0x8000</value>
         <object_component_ref idref="oc-89"/>
      </symbol>
      <symbol id="sm-bb">
         <name>_PWM_setPeriod</name>
         <value>0x8165</value>
         <object_component_ref idref="oc-a8"/>
      </symbol>
      <symbol id="sm-bc">
         <name>_PWM_init</name>
         <value>0x8039</value>
         <object_component_ref idref="oc-87"/>
      </symbol>
      <symbol id="sm-bd">
         <name>_PWM_setSocAPeriod</name>
         <value>0x3d4</value>
         <object_component_ref idref="oc-a7"/>
      </symbol>
      <symbol id="sm-be">
         <name>_PWM_enableSocAPulse</name>
         <value>0x8145</value>
         <object_component_ref idref="oc-a5"/>
      </symbol>
      <symbol id="sm-bf">
         <name>_PWM_setCounterMode</name>
         <value>0x8149</value>
         <object_component_ref idref="oc-a9"/>
      </symbol>
      <symbol id="sm-c0">
         <name>_PWM_setSocAPulseSrc</name>
         <value>0x3dd</value>
         <object_component_ref idref="oc-a6"/>
      </symbol>
      <symbol id="sm-d9">
         <name>_PLL_getClkStatus</name>
         <value>0x815f</value>
         <object_component_ref idref="oc-aa"/>
      </symbol>
      <symbol id="sm-da">
         <name>_PLL_setDivider</name>
         <value>0x8032</value>
         <object_component_ref idref="oc-ab"/>
      </symbol>
      <symbol id="sm-db">
         <name>_PLL_init</name>
         <value>0x802b</value>
         <object_component_ref idref="oc-86"/>
      </symbol>
      <symbol id="sm-dc">
         <name>_PLL_getLockStatus</name>
         <value>0x8162</value>
         <object_component_ref idref="oc-ad"/>
      </symbol>
      <symbol id="sm-dd">
         <name>_PLL_setup</name>
         <value>0x313</value>
         <object_component_ref idref="oc-8c"/>
      </symbol>
      <symbol id="sm-de">
         <name>_PLL_setMultiplier</name>
         <value>0x8047</value>
         <object_component_ref idref="oc-ac"/>
      </symbol>
      <symbol id="sm-101">
         <name>_PIE_enable</name>
         <value>0x815c</value>
         <object_component_ref idref="oc-92"/>
      </symbol>
      <symbol id="sm-102">
         <name>_PIE_enableAdcInt</name>
         <value>0x34c</value>
         <object_component_ref idref="oc-99"/>
      </symbol>
      <symbol id="sm-103">
         <name>_PIE_disableAllInts</name>
         <value>0x381</value>
         <object_component_ref idref="oc-8e"/>
      </symbol>
      <symbol id="sm-104">
         <name>_PIE_disable</name>
         <value>0x8159</value>
         <object_component_ref idref="oc-8d"/>
      </symbol>
      <symbol id="sm-105">
         <name>_PIE_registerPieIntHandler</name>
         <value>0x390</value>
         <object_component_ref idref="oc-93"/>
      </symbol>
      <symbol id="sm-106">
         <name>_PIE_init</name>
         <value>0x3f7</value>
         <object_component_ref idref="oc-85"/>
      </symbol>
      <symbol id="sm-107">
         <name>_PIE_setDebugIntVectorTable</name>
         <value>0x370</value>
         <object_component_ref idref="oc-91"/>
      </symbol>
      <symbol id="sm-108">
         <name>_PIE_tableDebugInit</name>
         <value>0x600</value>
         <object_component_ref idref="oc-ae"/>
      </symbol>
      <symbol id="sm-113">
         <name>_GPIO_init</name>
         <value>0x8024</value>
         <object_component_ref idref="oc-84"/>
      </symbol>
      <symbol id="sm-11e">
         <name>_FLASH_init</name>
         <value>0x801d</value>
         <object_component_ref idref="oc-83"/>
      </symbol>
      <symbol id="sm-135">
         <name>_CPU_disableGlobalInts</name>
         <value>0x8150</value>
         <object_component_ref idref="oc-8f"/>
      </symbol>
      <symbol id="sm-136">
         <name>_CPU_enableGlobalInts</name>
         <value>0x8156</value>
         <object_component_ref idref="oc-9b"/>
      </symbol>
      <symbol id="sm-137">
         <name>_CPU_clearIntFlags</name>
         <value>0x814d</value>
         <object_component_ref idref="oc-90"/>
      </symbol>
      <symbol id="sm-138">
         <name>_CPU_init</name>
         <value>0x8141</value>
         <object_component_ref idref="oc-82"/>
      </symbol>
      <symbol id="sm-139">
         <name>_cpu</name>
         <value>0x72a</value>
         <object_component_ref idref="oc-52"/>
      </symbol>
      <symbol id="sm-13a">
         <name>_CPU_enableDebugInt</name>
         <value>0x8153</value>
         <object_component_ref idref="oc-9c"/>
      </symbol>
      <symbol id="sm-13b">
         <name>_CPU_enableInt</name>
         <value>0x813d</value>
         <object_component_ref idref="oc-9a"/>
      </symbol>
      <symbol id="sm-14c">
         <name>_CLK_enablePwmClock</name>
         <value>0x3cb</value>
         <object_component_ref idref="oc-a4"/>
      </symbol>
      <symbol id="sm-14d">
         <name>_CLK_enableAdcClock</name>
         <value>0x8008</value>
         <object_component_ref idref="oc-8a"/>
      </symbol>
      <symbol id="sm-14e">
         <name>_CLK_setOscSrc</name>
         <value>0x8016</value>
         <object_component_ref idref="oc-8b"/>
      </symbol>
      <symbol id="sm-14f">
         <name>_CLK_init</name>
         <value>0x800f</value>
         <object_component_ref idref="oc-81"/>
      </symbol>
      <symbol id="sm-172">
         <name>_ADC_setVoltRefSrc</name>
         <value>0x33a</value>
         <object_component_ref idref="oc-98"/>
      </symbol>
      <symbol id="sm-173">
         <name>_ADC_enableBandGap</name>
         <value>0x3aa</value>
         <object_component_ref idref="oc-94"/>
      </symbol>
      <symbol id="sm-174">
         <name>_ADC_enableRefBuffers</name>
         <value>0x3b5</value>
         <object_component_ref idref="oc-95"/>
      </symbol>
      <symbol id="sm-175">
         <name>_ADC_setIntMode</name>
         <value>0x22d</value>
         <object_component_ref idref="oc-9f"/>
      </symbol>
      <symbol id="sm-176">
         <name>_ADC_setSocSampleWindow</name>
         <value>0x291</value>
         <object_component_ref idref="oc-a3"/>
      </symbol>
      <symbol id="sm-177">
         <name>_ADC_setSocChanNumber</name>
         <value>0x275</value>
         <object_component_ref idref="oc-a1"/>
      </symbol>
      <symbol id="sm-178">
         <name>_ADC_setSocTrigSrc</name>
         <value>0x2ad</value>
         <object_component_ref idref="oc-a2"/>
      </symbol>
      <symbol id="sm-179">
         <name>_ADC_powerUp</name>
         <value>0x3c0</value>
         <object_component_ref idref="oc-96"/>
      </symbol>
      <symbol id="sm-17a">
         <name>_ADC_setIntPulseGenMode</name>
         <value>0x328</value>
         <object_component_ref idref="oc-9d"/>
      </symbol>
      <symbol id="sm-17b">
         <name>_ADC_setIntSrc</name>
         <value>0x251</value>
         <object_component_ref idref="oc-a0"/>
      </symbol>
      <symbol id="sm-17c">
         <name>_ADC_init</name>
         <value>0x3ef</value>
         <object_component_ref idref="oc-80"/>
      </symbol>
      <symbol id="sm-17d">
         <name>_ADC_enable</name>
         <value>0x39f</value>
         <object_component_ref idref="oc-97"/>
      </symbol>
      <symbol id="sm-17e">
         <name>_ADC_enableInt</name>
         <value>0x2fb</value>
         <object_component_ref idref="oc-9e"/>
      </symbol>
      <symbol id="sm-18f">
         <name>_setDBGIER</name>
         <value>0x366</value>
         <object_component_ref idref="oc-5e"/>
      </symbol>
      <symbol id="sm-190">
         <name>_DSP28x_DisableInt</name>
         <value>0x369</value>
         <object_component_ref idref="oc-5e"/>
      </symbol>
      <symbol id="sm-191">
         <name>_DSP28x_RestoreInt</name>
         <value>0x36d</value>
         <object_component_ref idref="oc-5e"/>
      </symbol>
      <symbol id="sm-192">
         <name>_DSP28x_usDelay</name>
         <value>0x817d</value>
         <object_component_ref idref="oc-5f"/>
      </symbol>
      <symbol id="sm-193">
         <name>code_start</name>
         <value>0x0</value>
         <object_component_ref idref="oc-32"/>
      </symbol>
      <symbol id="sm-289">
         <name>_ILLEGAL_ISR</name>
         <value>0x80b1</value>
         <object_component_ref idref="oc-b6"/>
      </symbol>
      <symbol id="sm-28a">
         <name>_ADCINT4_ISR</name>
         <value>0x805c</value>
         <object_component_ref idref="oc-d9"/>
      </symbol>
      <symbol id="sm-28b">
         <name>_DATALOG_ISR</name>
         <value>0x807a</value>
         <object_component_ref idref="oc-b2"/>
      </symbol>
      <symbol id="sm-28c">
         <name>_SPITXINTA_ISR</name>
         <value>0x80de</value>
         <object_component_ref idref="oc-d3"/>
      </symbol>
      <symbol id="sm-28d">
         <name>_SPIRXINTA_ISR</name>
         <value>0x80d9</value>
         <object_component_ref idref="oc-d2"/>
      </symbol>
      <symbol id="sm-28e">
         <name>_INT13_ISR</name>
         <value>0x80b6</value>
         <object_component_ref idref="oc-b0"/>
      </symbol>
      <symbol id="sm-28f">
         <name>_ADCINT5_ISR</name>
         <value>0x8061</value>
         <object_component_ref idref="oc-da"/>
      </symbol>
      <symbol id="sm-290">
         <name>_USER5_ISR</name>
         <value>0x810b</value>
         <object_component_ref idref="oc-bb"/>
      </symbol>
      <symbol id="sm-291">
         <name>_EMUINT_ISR</name>
         <value>0x8084</value>
         <object_component_ref idref="oc-b4"/>
      </symbol>
      <symbol id="sm-292">
         <name>_ECAP1_INT_ISR</name>
         <value>0x807f</value>
         <object_component_ref idref="oc-d1"/>
      </symbol>
      <symbol id="sm-293">
         <name>_EPWM1_TZINT_ISR</name>
         <value>0x808e</value>
         <object_component_ref idref="oc-cb"/>
      </symbol>
      <symbol id="sm-294">
         <name>_ADCINT6_ISR</name>
         <value>0x8066</value>
         <object_component_ref idref="oc-db"/>
      </symbol>
      <symbol id="sm-295">
         <name>_ADCINT8_ISR</name>
         <value>0x8070</value>
         <object_component_ref idref="oc-dd"/>
      </symbol>
      <symbol id="sm-296">
         <name>_USER11_ISR</name>
         <value>0x80ed</value>
         <object_component_ref idref="oc-c1"/>
      </symbol>
      <symbol id="sm-297">
         <name>_EPWM3_TZINT_ISR</name>
         <value>0x80a2</value>
         <object_component_ref idref="oc-cd"/>
      </symbol>
      <symbol id="sm-298">
         <name>_USER4_ISR</name>
         <value>0x8106</value>
         <object_component_ref idref="oc-ba"/>
      </symbol>
      <symbol id="sm-299">
         <name>_EPWM2_TZINT_ISR</name>
         <value>0x8098</value>
         <object_component_ref idref="oc-cc"/>
      </symbol>
      <symbol id="sm-29a">
         <name>_EPWM2_INT_ISR</name>
         <value>0x8093</value>
         <object_component_ref idref="oc-cf"/>
      </symbol>
      <symbol id="sm-29b">
         <name>_TINT0_ISR</name>
         <value>0x80e3</value>
         <object_component_ref idref="oc-c9"/>
      </symbol>
      <symbol id="sm-29c">
         <name>_WAKEINT_ISR</name>
         <value>0x8124</value>
         <object_component_ref idref="oc-ca"/>
      </symbol>
      <symbol id="sm-29d">
         <name>_ADCINT7_ISR</name>
         <value>0x806b</value>
         <object_component_ref idref="oc-dc"/>
      </symbol>
      <symbol id="sm-29e">
         <name>_ADCINT9_ISR</name>
         <value>0x8075</value>
         <object_component_ref idref="oc-c8"/>
      </symbol>
      <symbol id="sm-29f">
         <name>_USER10_ISR</name>
         <value>0x80e8</value>
         <object_component_ref idref="oc-c0"/>
      </symbol>
      <symbol id="sm-2a0">
         <name>_USER7_ISR</name>
         <value>0x8115</value>
         <object_component_ref idref="oc-bd"/>
      </symbol>
      <symbol id="sm-2a1">
         <name>_XINT1_ISR</name>
         <value>0x8129</value>
         <object_component_ref idref="oc-c6"/>
      </symbol>
      <symbol id="sm-2a2">
         <name>_INT14_ISR</name>
         <value>0x80bb</value>
         <object_component_ref idref="oc-b1"/>
      </symbol>
      <symbol id="sm-2a3">
         <name>_USER6_ISR</name>
         <value>0x8110</value>
         <object_component_ref idref="oc-bc"/>
      </symbol>
      <symbol id="sm-2a4">
         <name>_ADCINT1_ISR</name>
         <value>0x804d</value>
         <object_component_ref idref="oc-c3"/>
      </symbol>
      <symbol id="sm-2a5">
         <name>_USER12_ISR</name>
         <value>0x80f2</value>
         <object_component_ref idref="oc-c2"/>
      </symbol>
      <symbol id="sm-2a6">
         <name>_USER1_ISR</name>
         <value>0x80f7</value>
         <object_component_ref idref="oc-b7"/>
      </symbol>
      <symbol id="sm-2a7">
         <name>_XINT3_ISR</name>
         <value>0x8133</value>
         <object_component_ref idref="oc-de"/>
      </symbol>
      <symbol id="sm-2a8">
         <name>_NMI_ISR</name>
         <value>0x80c0</value>
         <object_component_ref idref="oc-b5"/>
      </symbol>
      <symbol id="sm-2a9">
         <name>_ADCINT2_ISR</name>
         <value>0x8052</value>
         <object_component_ref idref="oc-c4"/>
      </symbol>
      <symbol id="sm-2aa">
         <name>_PIE_RESERVED</name>
         <value>0x80c5</value>
         <object_component_ref idref="oc-af"/>
      </symbol>
      <symbol id="sm-2ab">
         <name>_I2CINT1A_ISR</name>
         <value>0x80a7</value>
         <object_component_ref idref="oc-d4"/>
      </symbol>
      <symbol id="sm-2ac">
         <name>_XINT2_ISR</name>
         <value>0x812e</value>
         <object_component_ref idref="oc-c7"/>
      </symbol>
      <symbol id="sm-2ad">
         <name>_I2CINT2A_ISR</name>
         <value>0x80ac</value>
         <object_component_ref idref="oc-d5"/>
      </symbol>
      <symbol id="sm-2ae">
         <name>_RTOSINT_ISR</name>
         <value>0x80ca</value>
         <object_component_ref idref="oc-b3"/>
      </symbol>
      <symbol id="sm-2af">
         <name>_EPWM3_INT_ISR</name>
         <value>0x809d</value>
         <object_component_ref idref="oc-d0"/>
      </symbol>
      <symbol id="sm-2b0">
         <name>_ADCINT3_ISR</name>
         <value>0x8057</value>
         <object_component_ref idref="oc-d8"/>
      </symbol>
      <symbol id="sm-2b1">
         <name>_USER9_ISR</name>
         <value>0x811f</value>
         <object_component_ref idref="oc-bf"/>
      </symbol>
      <symbol id="sm-2b2">
         <name>_USER3_ISR</name>
         <value>0x8101</value>
         <object_component_ref idref="oc-b9"/>
      </symbol>
      <symbol id="sm-2b3">
         <name>_USER8_ISR</name>
         <value>0x811a</value>
         <object_component_ref idref="oc-be"/>
      </symbol>
      <symbol id="sm-2b4">
         <name>_EPWM1_INT_ISR</name>
         <value>0x8089</value>
         <object_component_ref idref="oc-ce"/>
      </symbol>
      <symbol id="sm-2b5">
         <name>_USER2_ISR</name>
         <value>0x80fc</value>
         <object_component_ref idref="oc-b8"/>
      </symbol>
      <symbol id="sm-2b6">
         <name>_SCITXINTA_ISR</name>
         <value>0x80d4</value>
         <object_component_ref idref="oc-d7"/>
      </symbol>
      <symbol id="sm-2b7">
         <name>_SCIRXINTA_ISR</name>
         <value>0x80cf</value>
         <object_component_ref idref="oc-d6"/>
      </symbol>
      <symbol id="sm-2b8">
         <name>_rsvd_ISR</name>
         <value>0x8138</value>
         <object_component_ref idref="oc-c5"/>
      </symbol>
      <symbol id="sm-2c4">
         <name>_c_int00</name>
         <value>0x1b7</value>
         <object_component_ref idref="oc-69"/>
      </symbol>
      <symbol id="sm-2c5">
         <name>__stack</name>
         <value>0x400</value>
         <object_component_ref idref="oc-6a"/>
      </symbol>
      <symbol id="sm-2d3">
         <name>C$$EXIT</name>
         <value>0x2e2</value>
         <object_component_ref idref="oc-7e"/>
      </symbol>
      <symbol id="sm-2d4">
         <name>_exit</name>
         <value>0x2e4</value>
         <object_component_ref idref="oc-7e"/>
      </symbol>
      <symbol id="sm-2d5">
         <name>_abort</name>
         <value>0x2e2</value>
         <object_component_ref idref="oc-7e"/>
      </symbol>
      <symbol id="sm-2d6">
         <name>__cleanup_ptr</name>
         <value>0x726</value>
         <object_component_ref idref="oc-71"/>
      </symbol>
      <symbol id="sm-2d7">
         <name>__dtors_ptr</name>
         <value>0x728</value>
         <object_component_ref idref="oc-71"/>
      </symbol>
      <symbol id="sm-2e5">
         <name>__unlock</name>
         <value>0x722</value>
         <object_component_ref idref="oc-76"/>
      </symbol>
      <symbol id="sm-2e6">
         <name>__lock</name>
         <value>0x724</value>
         <object_component_ref idref="oc-76"/>
      </symbol>
      <symbol id="sm-2e7">
         <name>__register_lock</name>
         <value>0x3ea</value>
         <object_component_ref idref="oc-7f"/>
      </symbol>
      <symbol id="sm-2e8">
         <name>__nop</name>
         <value>0x3ee</value>
         <object_component_ref idref="oc-7f"/>
      </symbol>
      <symbol id="sm-2e9">
         <name>__register_unlock</name>
         <value>0x3e6</value>
         <object_component_ref idref="oc-7f"/>
      </symbol>
      <symbol id="sm-2f3">
         <name>__args_main</name>
         <value>0x2c9</value>
         <object_component_ref idref="oc-7d"/>
      </symbol>
      <symbol id="sm-2f4">
         <name>__TI_args_main</name>
         <value>0x1</value>
      </symbol>
   </symbol_table>
</link_info>
